../Core/Src/flash_ext.c:7:20:CS_L	8	static
../Core/Src/flash_ext.c:8:20:CS_H	8	static
../Core/Src/flash_ext.c:10:26:txrx	32	static
../Core/Src/flash_ext.c:13:26:tx	16	static
../Core/Src/flash_ext.c:16:26:rx	16	static
../Core/Src/flash_ext.c:19:26:write_enable	16	static
../Core/Src/flash_ext.c:27:6:flash_init	24	static
../Core/Src/flash_ext.c:34:19:flash_wait_busy	24	static
../Core/Src/flash_ext.c:51:19:flash_read	32	static
../Core/Src/flash_ext.c:64:19:flash_erase_sector	24	static
../Core/Src/flash_ext.c:78:19:flash_write	40	static
../Core/Src/flash_ext.c:108:10:flash_read_id	16	static
