../Core/Src/Flash_SST25.c:10:5:Rd_IDexROM	32	static
../Core/Src/Flash_SST25.c:21:6:Write_Enable	16	static
../Core/Src/Flash_SST25.c:28:6:Write_Disable	16	static
../Core/Src/Flash_SST25.c:35:9:Rd_Status_Reg	24	static
../Core/Src/Flash_SST25.c:46:6:Enable_Write_Status_Reg	16	static
../Core/Src/Flash_SST25.c:53:6:Write_Status_Reg	24	static
../Core/Src/Flash_SST25.c:82:6:Sector4KB_Erase	24	static
../Core/Src/Flash_SST25.c:100:6:Sector32KB_Erase	24	static
../Core/Src/Flash_SST25.c:117:6:Sector64KB_Erase	24	static
../Core/Src/Flash_SST25.c:134:6:Chip_Erase	16	static
../Core/Src/Flash_SST25.c:146:6:ByteProgram	24	static
../Core/Src/Flash_SST25.c:164:6:word32Rw1636RR4	24	static
../Core/Src/Flash_SST25.c:172:6:SaveConf	40	static
../Core/Src/Flash_SST25.c:218:6:ClearConf	8	static
../Core/Src/Flash_SST25.c:221:6:SaveLCTable	24	static
../Core/Src/Flash_SST25.c:241:6:SaveCanal	16	static
../Core/Src/Flash_SST25.c:283:18:ReadConfFile	104	static
../Core/Src/Flash_SST25.c:307:29:ReadLCTableFile	23544	static
../Core/Src/Flash_SST25.c:339:19:ReadCanalFile	2432	static
../Core/Src/Flash_SST25.c:365:17:ReadLCTable	56	static
../Core/Src/Flash_SST25.c:390:6:WriteLCTable	24	static
