../Core/Src/Flash_SST25.c:10:5:Rd_IDexROM	32	static
../Core/Src/Flash_SST25.c:22:6:Write_Enable	16	static
../Core/Src/Flash_SST25.c:29:6:Write_Disable	16	static
../Core/Src/Flash_SST25.c:36:9:Rd_Status_Reg	24	static
../Core/Src/Flash_SST25.c:47:6:Enable_Write_Status_Reg	16	static
../Core/Src/Flash_SST25.c:54:6:Write_Status_Reg	24	static
../Core/Src/Flash_SST25.c:83:6:Sector4KB_Erase	24	static
../Core/Src/Flash_SST25.c:102:6:Sector32KB_Erase	24	static
../Core/Src/Flash_SST25.c:130:6:Sector64KB_Erase	24	static
../Core/Src/Flash_SST25.c:147:6:Chip_Erase	16	static
../Core/Src/Flash_SST25.c:159:6:ByteProgram	24	static
../Core/Src/Flash_SST25.c:177:6:word32Rw1636RR4	24	static
../Core/Src/Flash_SST25.c:185:6:SaveConf	40	static
../Core/Src/Flash_SST25.c:231:6:ClearConf	8	static
../Core/Src/Flash_SST25.c:234:6:SaveLCTable	24	static
../Core/Src/Flash_SST25.c:254:6:SaveCanal	16	static
../Core/Src/Flash_SST25.c:296:18:ReadConfFile	104	static
../Core/Src/Flash_SST25.c:320:29:ReadLCTableFile	23544	static
../Core/Src/Flash_SST25.c:352:19:ReadCanalFile	2432	static
../Core/Src/Flash_SST25.c:378:17:ReadLCTable	56	static
../Core/Src/Flash_SST25.c:403:6:WriteLCTable	24	static
../Core/Src/Flash_SST25.c:407:6:Flash_PageProgram	40	static
../Core/Src/Flash_SST25.c:424:6:Flash_Read	48	static
