../Core/Src/main.c:141:9:Flash_ReadStatus	16	static
../Core/Src/main.c:153:6:Flash_WaitBusyClear	8	static
../Core/Src/main.c:163:6:Flash_WriteEnable	16	static
../Core/Src/main.c:170:6:Flash_Erase4K	24	static
../Core/Src/main.c:219:6:Flash_Test	56	static
../Core/Src/main.c:247:6:Flash_ReadID	16	static
../Core/Src/main.c:279:5:main	16	static
../Core/Src/main.c:535:6:SystemClock_Config	88	static
../Core/Src/main.c:583:13:MX_RTC_Init	32	static
../Core/Src/main.c:665:13:MX_SPI1_Init	8	static
../Core/Src/main.c:703:13:MX_SPI2_Init	8	static
../Core/Src/main.c:741:13:MX_SPI3_Init	8	static
../Core/Src/main.c:779:13:MX_USART1_UART_Init	8	static
../Core/Src/main.c:812:13:MX_USART6_UART_Init	8	static
../Core/Src/main.c:845:13:MX_GPIO_Init	56	static
../Core/Src/main.c:992:6:Error_Handler	4	static,ignoring_inline_asm
