../Core/Src/MemoryFunctions.c:32:7:FZavN	4	static
../Core/Src/MemoryFunctions.c:48:7:FDIzg	4	static
../Core/Src/MemoryFunctions.c:67:7:FND	4	static
../Core/Src/MemoryFunctions.c:92:6:RdArxByte1636RR4	24	static
../Core/Src/MemoryFunctions.c:107:7:ZapZN	24	static
../Core/Src/MemoryFunctions.c:134:7:ZapDI	24	static
../Core/Src/MemoryFunctions.c:191:6:RTekI	784	static
../Core/Src/MemoryFunctions.c:218:7:ChtArx	16	static
../Core/Src/MemoryFunctions.c:279:7:WTekI	784	static
../Core/Src/MemoryFunctions.c:299:7:ZapArx	16	static
../Core/Src/MemoryFunctions.c:354:14:read_record	280	static
../Core/Src/MemoryFunctions.c:374:7:ChtRArx	24	static
../Core/Src/MemoryFunctions.c:423:7:ZapRArx	24	static
../Core/Src/MemoryFunctions.c:484:7:EraseRabArx	8	static
../Core/Src/MemoryFunctions.c:499:7:EraseArx	8	static
../Core/Src/MemoryFunctions.c:511:7:EraseTekI	8	static
../Core/Src/MemoryFunctions.c:516:7:InitMemory	8	static
