../Core/Src/MemoryFunctions.c:32:7:FZavN	4	static
../Core/Src/MemoryFunctions.c:48:7:FDIzg	4	static
../Core/Src/MemoryFunctions.c:67:7:FND	4	static
../Core/Src/MemoryFunctions.c:92:6:RdArxByte1636RR4	24	static
../Core/Src/MemoryFunctions.c:101:7:ZapZN	24	static
../Core/Src/MemoryFunctions.c:128:7:ZapDI	24	static
../Core/Src/MemoryFunctions.c:185:6:RTekI	784	static
../Core/Src/MemoryFunctions.c:212:7:ChtArx	16	static
../Core/Src/MemoryFunctions.c:273:7:WTekI	784	static
../Core/Src/MemoryFunctions.c:293:7:ZapArx	16	static
../Core/Src/MemoryFunctions.c:346:14:read_record	280	static
../Core/Src/MemoryFunctions.c:366:7:ChtRArx	24	static
../Core/Src/MemoryFunctions.c:411:7:ZapRArx	24	static
../Core/Src/MemoryFunctions.c:469:7:EraseRabArx	8	static
../Core/Src/MemoryFunctions.c:480:7:EraseArx	8	static
../Core/Src/MemoryFunctions.c:489:7:EraseTekI	8	static
../Core/Src/MemoryFunctions.c:493:7:InitMemory	8	static
