../Core/Src/ServiceFunctions.c:34:6:DTOK	32	static
../Core/Src/ServiceFunctions.c:176:7:YstDate	16	static
../Core/Src/ServiceFunctions.c:215:7:YstTime	16	static
../Core/Src/ServiceFunctions.c:249:7:RDate	48	static
../Core/Src/ServiceFunctions.c:347:7:RDate2	24	static
../Core/Src/ServiceFunctions.c:427:7:RDate1	16	static
../Core/Src/ServiceFunctions.c:464:7:VdtD	4	static
../Core/Src/ServiceFunctions.c:476:7:SCraz	16	static
../Core/Src/ServiceFunctions.c:486:7:SCzar	16	static
../Core/Src/ServiceFunctions.c:497:7:izmU	16	static
../Core/Src/ServiceFunctions.c:670:7:Uakb	16	static
../Core/Src/ServiceFunctions.c:743:7:Ubyte	40	static
../Core/Src/ServiceFunctions.c:813:7:GrU	16	static
../Core/Src/ServiceFunctions.c:889:7:DtDv	16	static
../Core/Src/ServiceFunctions.c:996:7:DTE	16	static
../Core/Src/ServiceFunctions.c:1018:7:Prdh	8	static
../Core/Src/ServiceFunctions.c:1062:6:NomZapArx	16	static
../Core/Src/ServiceFunctions.c:1106:7:Riz	32	static
../Core/Src/ServiceFunctions.c:1236:6:PC	16	static
../Core/Src/ServiceFunctions.c:1258:7:YstISP	8	static
../Core/Src/ServiceFunctions.c:1265:7:SbrISP	8	static
../Core/Src/ServiceFunctions.c:1272:7:Yst	24	static
../Core/Src/ServiceFunctions.c:1290:7:Sbr	24	static
../Core/Src/ServiceFunctions.c:1311:7:YRNN	8	static
../Core/Src/ServiceFunctions.c:1327:7:SRNN	8	static
../Core/Src/ServiceFunctions.c:1347:7:YRN	8	static
../Core/Src/ServiceFunctions.c:1364:7:SRN	8	static
../Core/Src/ServiceFunctions.c:1384:7:YNN	24	static
../Core/Src/ServiceFunctions.c:1400:7:SNN	24	static
../Core/Src/ServiceFunctions.c:1422:6:Sbros	8	static
../Core/Src/ServiceFunctions.c:1440:6:KFUzap	16	static
../Core/Src/ServiceFunctions.c:1456:6:KFUcht	32	static
../Core/Src/ServiceFunctions.c:1514:6:KFIzap	16	static
../Core/Src/ServiceFunctions.c:1528:7:KFIIcht	8	static
