../Core/Src/ServiceFunctions.c:34:6:DTOK	32	static
../Core/Src/ServiceFunctions.c:176:7:YstDate	8	static
../Core/Src/ServiceFunctions.c:207:7:YstTime	8	static
../Core/Src/ServiceFunctions.c:234:7:RDate	48	static
../Core/Src/ServiceFunctions.c:332:7:RDate2	24	static
../Core/Src/ServiceFunctions.c:412:7:RDate1	16	static
../Core/Src/ServiceFunctions.c:449:7:VdtD	4	static
../Core/Src/ServiceFunctions.c:461:7:SCraz	16	static
../Core/Src/ServiceFunctions.c:471:7:SCzar	16	static
../Core/Src/ServiceFunctions.c:482:7:izmU	16	static
../Core/Src/ServiceFunctions.c:642:7:Uakb	16	static
../Core/Src/ServiceFunctions.c:715:7:Ubyte	40	static
../Core/Src/ServiceFunctions.c:785:7:GrU	16	static
../Core/Src/ServiceFunctions.c:861:7:DtDv	16	static
../Core/Src/ServiceFunctions.c:968:7:DTE	16	static
../Core/Src/ServiceFunctions.c:989:7:Prdh	8	static
../Core/Src/ServiceFunctions.c:1033:6:NomZapArx	16	static
../Core/Src/ServiceFunctions.c:1077:7:Riz	32	static
../Core/Src/ServiceFunctions.c:1207:6:PC	16	static
../Core/Src/ServiceFunctions.c:1229:7:YstISP	8	static
../Core/Src/ServiceFunctions.c:1236:7:SbrISP	8	static
../Core/Src/ServiceFunctions.c:1243:7:Yst	24	static
../Core/Src/ServiceFunctions.c:1261:7:Sbr	24	static
../Core/Src/ServiceFunctions.c:1282:7:YRNN	8	static
../Core/Src/ServiceFunctions.c:1298:7:SRNN	8	static
../Core/Src/ServiceFunctions.c:1318:7:YRN	8	static
../Core/Src/ServiceFunctions.c:1335:7:SRN	8	static
../Core/Src/ServiceFunctions.c:1355:7:YNN	24	static
../Core/Src/ServiceFunctions.c:1371:7:SNN	24	static
../Core/Src/ServiceFunctions.c:1393:6:Sbros	8	static
../Core/Src/ServiceFunctions.c:1411:6:KFUzap	16	static
../Core/Src/ServiceFunctions.c:1427:6:KFUcht	32	static
../Core/Src/ServiceFunctions.c:1485:6:KFIzap	16	static
../Core/Src/ServiceFunctions.c:1499:7:KFIIcht	8	static
