../Core/Src/ServiceFunctions.c:34:6:DTOK	32	static
../Core/Src/ServiceFunctions.c:176:7:YstDate	8	static
../Core/Src/ServiceFunctions.c:207:7:YstTime	8	static
../Core/Src/ServiceFunctions.c:234:7:RDate	48	static
../Core/Src/ServiceFunctions.c:332:7:RDate2	24	static
../Core/Src/ServiceFunctions.c:412:7:RDate1	16	static
../Core/Src/ServiceFunctions.c:449:7:VdtD	4	static
../Core/Src/ServiceFunctions.c:461:7:SCraz	16	static
../Core/Src/ServiceFunctions.c:471:7:SCzar	16	static
../Core/Src/ServiceFunctions.c:482:7:izmU	16	static
../Core/Src/ServiceFunctions.c:644:7:Uakb	16	static
../Core/Src/ServiceFunctions.c:717:7:Ubyte	40	static
../Core/Src/ServiceFunctions.c:787:7:GrU	16	static
../Core/Src/ServiceFunctions.c:863:7:DtDv	16	static
../Core/Src/ServiceFunctions.c:970:7:DTE	16	static
../Core/Src/ServiceFunctions.c:991:7:Prdh	8	static
../Core/Src/ServiceFunctions.c:1035:6:NomZapArx	16	static
../Core/Src/ServiceFunctions.c:1079:7:Riz	32	static
../Core/Src/ServiceFunctions.c:1209:6:PC	16	static
../Core/Src/ServiceFunctions.c:1231:7:YstISP	8	static
../Core/Src/ServiceFunctions.c:1238:7:SbrISP	8	static
../Core/Src/ServiceFunctions.c:1245:7:Yst	24	static
../Core/Src/ServiceFunctions.c:1263:7:Sbr	24	static
../Core/Src/ServiceFunctions.c:1284:7:YRNN	8	static
../Core/Src/ServiceFunctions.c:1300:7:SRNN	8	static
../Core/Src/ServiceFunctions.c:1320:7:YRN	8	static
../Core/Src/ServiceFunctions.c:1337:7:SRN	8	static
../Core/Src/ServiceFunctions.c:1357:7:YNN	24	static
../Core/Src/ServiceFunctions.c:1373:7:SNN	24	static
../Core/Src/ServiceFunctions.c:1395:6:Sbros	8	static
../Core/Src/ServiceFunctions.c:1413:6:KFUzap	16	static
../Core/Src/ServiceFunctions.c:1429:6:KFUcht	32	static
../Core/Src/ServiceFunctions.c:1487:6:KFIzap	16	static
../Core/Src/ServiceFunctions.c:1501:7:KFIIcht	8	static
