../Core/Src/ServiceFunctions.c:34:6:DTOK	32	static
../Core/Src/ServiceFunctions.c:176:7:YstDate	8	static
../Core/Src/ServiceFunctions.c:207:7:YstTime	8	static
../Core/Src/ServiceFunctions.c:234:7:RDate	48	static
../Core/Src/ServiceFunctions.c:332:7:RDate2	24	static
../Core/Src/ServiceFunctions.c:412:7:RDate1	16	static
../Core/Src/ServiceFunctions.c:449:7:VdtD	4	static
../Core/Src/ServiceFunctions.c:461:7:SCraz	16	static
../Core/Src/ServiceFunctions.c:471:7:SCzar	16	static
../Core/Src/ServiceFunctions.c:482:7:izmU	16	static
../Core/Src/ServiceFunctions.c:609:7:Uakb	16	static
../Core/Src/ServiceFunctions.c:682:7:Ubyte	40	static
../Core/Src/ServiceFunctions.c:752:7:GrU	16	static
../Core/Src/ServiceFunctions.c:828:7:DtDv	16	static
../Core/Src/ServiceFunctions.c:935:7:DTE	16	static
../Core/Src/ServiceFunctions.c:956:7:Prdh	8	static
../Core/Src/ServiceFunctions.c:1000:6:NomZapArx	16	static
../Core/Src/ServiceFunctions.c:1044:7:Riz	32	static
../Core/Src/ServiceFunctions.c:1174:6:PC	16	static
../Core/Src/ServiceFunctions.c:1195:7:YstISP	8	static
../Core/Src/ServiceFunctions.c:1202:7:SbrISP	8	static
../Core/Src/ServiceFunctions.c:1209:7:Yst	24	static
../Core/Src/ServiceFunctions.c:1227:7:Sbr	24	static
../Core/Src/ServiceFunctions.c:1248:7:YRNN	8	static
../Core/Src/ServiceFunctions.c:1264:7:SRNN	8	static
../Core/Src/ServiceFunctions.c:1284:7:YRN	8	static
../Core/Src/ServiceFunctions.c:1301:7:SRN	8	static
../Core/Src/ServiceFunctions.c:1321:7:YNN	24	static
../Core/Src/ServiceFunctions.c:1337:7:SNN	24	static
../Core/Src/ServiceFunctions.c:1359:6:Sbros	8	static
../Core/Src/ServiceFunctions.c:1377:6:KFUzap	16	static
../Core/Src/ServiceFunctions.c:1393:6:KFUcht	32	static
../Core/Src/ServiceFunctions.c:1451:6:KFIzap	16	static
../Core/Src/ServiceFunctions.c:1465:7:KFIIcht	8	static
