../Core/Src/ServiceFunctions.c:34:6:DTOK	32	static
../Core/Src/ServiceFunctions.c:176:7:YstDate	16	static
../Core/Src/ServiceFunctions.c:215:7:YstTime	16	static
../Core/Src/ServiceFunctions.c:249:7:RDate	48	static
../Core/Src/ServiceFunctions.c:347:7:RDate2	24	static
../Core/Src/ServiceFunctions.c:427:7:RDate1	16	static
../Core/Src/ServiceFunctions.c:464:7:VdtD	4	static
../Core/Src/ServiceFunctions.c:476:7:SCraz	16	static
../Core/Src/ServiceFunctions.c:486:7:SCzar	16	static
../Core/Src/ServiceFunctions.c:497:7:izmU	16	static
../Core/Src/ServiceFunctions.c:659:7:Uakb	16	static
../Core/Src/ServiceFunctions.c:732:7:Ubyte	40	static
../Core/Src/ServiceFunctions.c:802:7:GrU	16	static
../Core/Src/ServiceFunctions.c:878:7:DtDv	16	static
../Core/Src/ServiceFunctions.c:985:7:DTE	16	static
../Core/Src/ServiceFunctions.c:1006:7:Prdh	8	static
../Core/Src/ServiceFunctions.c:1050:6:NomZapArx	16	static
../Core/Src/ServiceFunctions.c:1094:7:Riz	32	static
../Core/Src/ServiceFunctions.c:1224:6:PC	16	static
../Core/Src/ServiceFunctions.c:1246:7:YstISP	8	static
../Core/Src/ServiceFunctions.c:1253:7:SbrISP	8	static
../Core/Src/ServiceFunctions.c:1260:7:Yst	24	static
../Core/Src/ServiceFunctions.c:1278:7:Sbr	24	static
../Core/Src/ServiceFunctions.c:1299:7:YRNN	8	static
../Core/Src/ServiceFunctions.c:1315:7:SRNN	8	static
../Core/Src/ServiceFunctions.c:1335:7:YRN	8	static
../Core/Src/ServiceFunctions.c:1352:7:SRN	8	static
../Core/Src/ServiceFunctions.c:1372:7:YNN	24	static
../Core/Src/ServiceFunctions.c:1388:7:SNN	24	static
../Core/Src/ServiceFunctions.c:1410:6:Sbros	8	static
../Core/Src/ServiceFunctions.c:1428:6:KFUzap	16	static
../Core/Src/ServiceFunctions.c:1444:6:KFUcht	32	static
../Core/Src/ServiceFunctions.c:1502:6:KFIzap	16	static
../Core/Src/ServiceFunctions.c:1516:7:KFIIcht	8	static
